ASxxxx Linker V03.00 + NoICE + sdld,  page 1.
Hexadecimal  [32-Bits]

Area                                    Addr        Size        Decimal Bytes (Attributes)
--------------------------------        ----        ----        ------- ----- ------------
.  .ABS.                            00000000    00000000 =           0. bytes (ABS,CON)

      Value  Global                              Global Defined In Module
      -----  --------------------------------   ------------------------
     00000000  .__.ABS.                           
     00000000  l_CABS                          
     00000000  l_DABS                          
     00000000  l_INITIALIZED                   
     00000000  l_INITIALIZER                   
     00000000  l__CODE                         
     00000000  s_CABS                          
     00000000  s_DABS                          
     00000000  s__CODE                         
     00000001  l_SSEG                          
     00000001  s_DATA                          
     00000003  l_GSFINAL                       
     0000001A  l_GSINIT                        
     0000001D  l_DATA                          
     0000001E  s_INITIALIZED                   
     00000083  l_HOME                          
     00000C3F  l_CODE                          
     00008000  s_HOME                          
     00008083  s_GSINIT                        
     0000809D  s_GSFINAL                       
     000080A0  s_CODE                          
     00008CDF  s_INITIALIZER                   
     00008CDF  s_SSEG                          

ASxxxx Linker V03.00 + NoICE + sdld,  page 2.
Hexadecimal  [32-Bits]

Area                                    Addr        Size        Decimal Bytes (Attributes)
--------------------------------        ----        ----        ------- ----- ------------
DATA                                00000001    0000001D =          29. bytes (REL,CON)

      Value  Global                              Global Defined In Module
      -----  --------------------------------   ------------------------
     00000001  _tick                              main
     00000007  _max7seg                           max7219
     00000015  _timeGet                           timerTick
     00000017  _timeBack                          timerTick
     00000019  _timeTickMs                        timerTick
     0000001D  _timeTickUs                        timerTick
ASxxxx Linker V03.00 + NoICE + sdld,  page 3.
Hexadecimal  [32-Bits]

Area                                    Addr        Size        Decimal Bytes (Attributes)
--------------------------------        ----        ----        ------- ----- ------------
HOME                                00008000    00000083 =         131. bytes (REL,CON)

      Value  Global                              Global Defined In Module
      -----  --------------------------------   ------------------------
ASxxxx Linker V03.00 + NoICE + sdld,  page 4.
Hexadecimal  [32-Bits]

Area                                    Addr        Size        Decimal Bytes (Attributes)
--------------------------------        ----        ----        ------- ----- ------------
GSINIT                              00008083    0000001A =          26. bytes (REL,CON)

      Value  Global                              Global Defined In Module
      -----  --------------------------------   ------------------------
ASxxxx Linker V03.00 + NoICE + sdld,  page 5.
Hexadecimal  [32-Bits]

Area                                    Addr        Size        Decimal Bytes (Attributes)
--------------------------------        ----        ----        ------- ----- ------------
GSFINAL                             0000809D    00000003 =           3. bytes (REL,CON)

      Value  Global                              Global Defined In Module
      -----  --------------------------------   ------------------------
ASxxxx Linker V03.00 + NoICE + sdld,  page 6.
Hexadecimal  [32-Bits]

Area                                    Addr        Size        Decimal Bytes (Attributes)
--------------------------------        ----        ----        ------- ----- ------------
CODE                                000080A0    00000C3F =        3135. bytes (REL,CON)

      Value  Global                              Global Defined In Module
      -----  --------------------------------   ------------------------
     000080A0  _delay                             main
     000080AC  _TIM4_UPD_OVF_IRQHandler           main
     000080BA  _IWDG_Config                       main
     000080D2  _main                              main
     000081E3  _max7Seg                           max7219
     0000821C  _Max7219_Write_Byte                max7219
     00008273  _setCommand                        max7219
     000082B7  _Init                              max7219
     00008308  _setIntensity                      max7219
     00008312  _send7Seg                          max7219
     00008356  _TIMER_Init                        timerTick
     00008389  _TIMER_Inc                         timerTick
     000083B5  _TIMER_InitTime                    timerTick
     000083C5  _TIMER_CheckTimeUS                 timerTick
     0000840C  _TIMER_CheckTimeMS                 timerTick
     00008482  _CLK_Config                        stm8s_clk
     000084D3  _CLK_PeripheralClockConfig         stm8s_clk
     00008529  _CLK_SYSCLKConfig                  stm8s_clk
     00008560  _CLK_GetClockFreq                  stm8s_clk
     000085B9  _HSIDivFactor                      stm8s_clk
     000085BD  _GPIO_Init                         stm8s_gpio
     0000864B  _GPIO_Write                        stm8s_gpio
     00008651  _GPIO_WriteHigh                    stm8s_gpio
     00008658  _GPIO_WriteLow                     stm8s_gpio
     00008666  _GPIO_WriteReverse                 stm8s_gpio
     0000866D  _GPIO_ReadOutputData               stm8s_gpio
     00008671  _GPIO_ReadInputData                stm8s_gpio
     00008676  _GPIO_ReadInputPin                 stm8s_gpio
     0000867D  _GPIO_ExternalPullUpConfig         stm8s_gpio
     00008698  _I2C_DeInit                        stm8s_i2c
     000086BD  _I2C_Init                          stm8s_i2c
     000087EB  _I2C_Cmd                           stm8s_i2c
     000087F9  _I2C_GeneralCallCmd                stm8s_i2c
     0000880D  _I2C_GenerateSTART                 stm8s_i2c
     0000881B  _I2C_GenerateSTOP                  stm8s_i2c
     0000882F  _I2C_SoftwareResetCmd              stm8s_i2c
     0000883D  _I2C_StretchClockCmd               stm8s_i2c
     0000884B  _I2C_AcknowledgeConfig             stm8s_i2c
     00008874  _I2C_ITConfig                      stm8s_i2c
     00008896  _I2C_FastModeDutyCycleConfig       stm8s_i2c
     000088AC  _I2C_ReceiveData                   stm8s_i2c
     000088B1  _I2C_Send7bitAddress               stm8s_i2c
     000088C0  _I2C_SendData                      stm8s_i2c
     000088C7  _I2C_CheckEvent                    stm8s_i2c
     00008912  _I2C_GetLastEvent                  stm8s_i2c
     00008942  _I2C_GetFlagStatus                 stm8s_i2c
     00008979  _I2C_ClearFlag                     stm8s_i2c
     00008985  _I2C_GetITStatus                   stm8s_i2c
     000089D4  _I2C_ClearITPendingBit             stm8s_i2c
     000089E0  _IWDG_WriteAccessCmd               stm8s_iwdg
ASxxxx Linker V03.00 + NoICE + sdld,  page 7.
Hexadecimal  [32-Bits]

Area                                    Addr        Size        Decimal Bytes (Attributes)
--------------------------------        ----        ----        ------- ----- ------------
CODE                                000080A0    00000C3F =        3135. bytes (REL,CON)

      Value  Global                              Global Defined In Module
      -----  --------------------------------   ------------------------
     000089E7  _IWDG_SetPrescaler                 stm8s_iwdg
     000089EE  _IWDG_SetReload                    stm8s_iwdg
     000089F5  _IWDG_ReloadCounter                stm8s_iwdg
     000089FA  _IWDG_Enable                       stm8s_iwdg
     000089FF  _SPI_DeInit                        stm8s_spi
     00008A14  _SPI_Init                          stm8s_spi
     00008A4F  _SPI_Cmd                           stm8s_spi
     00008A63  _SPI_ITConfig                      stm8s_spi
     00008A99  _SPI_SendData                      stm8s_spi
     00008AA0  _SPI_ReceiveData                   stm8s_spi
     00008AA5  _SPI_NSSInternalSoftwareCmd        stm8s_spi
     00008AB3  _SPI_TransmitCRC                   stm8s_spi
     00008ABB  _SPI_CalculateCRCCmd               stm8s_spi
     00008ACF  _SPI_GetCRC                        stm8s_spi
     00008ADD  _SPI_ResetCRC                      stm8s_spi
     00008AEA  _SPI_GetCRCPolynomial              stm8s_spi
     00008AEF  _SPI_BiDirectionalLineConfig       stm8s_spi
     00008B03  _SPI_GetFlagStatus                 stm8s_spi
     00008B11  _SPI_ClearFlag                     stm8s_spi
     00008B19  _SPI_GetITStatus                   stm8s_spi
     00008B60  _SPI_ClearITPendingBit             stm8s_spi
     00008B7B  _TIM4_DeInit                       stm8s_tim4
     00008B94  _TIM4_TimeBaseInit                 stm8s_tim4
     00008BA1  _TIM4_Cmd                          stm8s_tim4
     00008BA6  _TIM4_ITConfig                     stm8s_tim4
     00008BB1  _TIM4_GetCounter                   stm8s_tim4
     00008BB6  _TIM4_GetFlagStatus                stm8s_tim4
     00008BC4  _TIM4_ClearFlag                    stm8s_tim4
     00008BCC  _TIM4_ClearITPendingBit            stm8s_tim4
     00008BD4  __divulong                         
     00008C2E  _memset                            _memset
     00008C4F  __mullong                          
     00008CCB  __divsint                          

ASxxxx Linker V03.00 + NoICE + sdld,  page 8.
Hexadecimal  [32-Bits]

Area                                    Addr        Size        Decimal Bytes (Attributes)
--------------------------------        ----        ----        ------- ----- ------------
SSEG                                00008CDF    00000001 =           1. bytes (REL,CON)

      Value  Global                              Global Defined In Module
      -----  --------------------------------   ------------------------
ASxxxx Linker V03.00 + NoICE + sdld,  page 9.

Files Linked                              [ module(s) ]

build/user/RTC_pcf8563.rel                [ RTC_pcf8563 ]
build/user/main.rel                       [ main ]
build/user/max7219.rel                    [ max7219 ]
build/user/timerTick.rel                  [ timerTick ]
build/lib/stm8s_clk.rel                   [ stm8s_clk ]
build/lib/stm8s_gpio.rel                  [ stm8s_gpio ]
build/lib/stm8s_i2c.rel                   [ stm8s_i2c ]
build/lib/stm8s_iwdg.rel                  [ stm8s_iwdg ]
build/lib/stm8s_spi.rel                   [ stm8s_spi ]
build/lib/stm8s_tim4.rel                  [ stm8s_tim4 ]


Libraries Linked                          [ object file ]

c:\Program Files\SDCC\bin\..\lib\stm8/stm8.lib
                                          [ _divulong.rel ]
c:\Program Files\SDCC\bin\..\lib\stm8/stm8.lib
                                          [ _memset.rel ]
c:\Program Files\SDCC\bin\..\lib\stm8/stm8.lib
                                          [ _mullong.rel ]
c:\Program Files\SDCC\bin\..\lib\stm8/stm8.lib
                                          [ _divsint.rel ]

ASxxxx Linker V03.00 + NoICE + sdld,  page 10.

User Base Address Definitions

HOME = 0x8000
DATA = 0x0001

