ASxxxx Linker V03.00 + NoICE + sdld,  page 1.
Hexadecimal  [32-Bits]

Area                                    Addr        Size        Decimal Bytes (Attributes)
--------------------------------        ----        ----        ------- ----- ------------
.  .ABS.                            00000000    00000000 =           0. bytes (ABS,CON)

      Value  Global                              Global Defined In Module
      -----  --------------------------------   ------------------------
     00000000  .__.ABS.                           
     00000000  l_CABS                          
     00000000  l_DABS                          
     00000000  l_INITIALIZED                   
     00000000  l_INITIALIZER                   
     00000000  l__CODE                         
     00000000  s_CABS                          
     00000000  s_DABS                          
     00000000  s__CODE                         
     00000001  l_SSEG                          
     00000001  s_DATA                          
     00000003  l_GSFINAL                       
     0000001A  l_GSINIT                        
     0000001D  l_DATA                          
     0000001E  s_INITIALIZED                   
     00000083  l_HOME                          
     0000187C  l_CODE                          
     00008000  s_HOME                          
     00008083  s_GSINIT                        
     0000809D  s_GSFINAL                       
     000080A0  s_CODE                          
     0000991C  s_INITIALIZER                   
     0000991C  s_SSEG                          

ASxxxx Linker V03.00 + NoICE + sdld,  page 2.
Hexadecimal  [32-Bits]

Area                                    Addr        Size        Decimal Bytes (Attributes)
--------------------------------        ----        ----        ------- ----- ------------
DATA                                00000001    0000001D =          29. bytes (REL,CON)

      Value  Global                              Global Defined In Module
      -----  --------------------------------   ------------------------
     00000001  _tick                              main
     00000007  _max7seg                           max7219
     00000015  _timeGet                           timerTick
     00000017  _timeBack                          timerTick
     00000019  _timeTickMs                        timerTick
     0000001D  _timeTickUs                        timerTick
ASxxxx Linker V03.00 + NoICE + sdld,  page 3.
Hexadecimal  [32-Bits]

Area                                    Addr        Size        Decimal Bytes (Attributes)
--------------------------------        ----        ----        ------- ----- ------------
HOME                                00008000    00000083 =         131. bytes (REL,CON)

      Value  Global                              Global Defined In Module
      -----  --------------------------------   ------------------------
ASxxxx Linker V03.00 + NoICE + sdld,  page 4.
Hexadecimal  [32-Bits]

Area                                    Addr        Size        Decimal Bytes (Attributes)
--------------------------------        ----        ----        ------- ----- ------------
GSINIT                              00008083    0000001A =          26. bytes (REL,CON)

      Value  Global                              Global Defined In Module
      -----  --------------------------------   ------------------------
ASxxxx Linker V03.00 + NoICE + sdld,  page 5.
Hexadecimal  [32-Bits]

Area                                    Addr        Size        Decimal Bytes (Attributes)
--------------------------------        ----        ----        ------- ----- ------------
GSFINAL                             0000809D    00000003 =           3. bytes (REL,CON)

      Value  Global                              Global Defined In Module
      -----  --------------------------------   ------------------------
ASxxxx Linker V03.00 + NoICE + sdld,  page 6.
Hexadecimal  [32-Bits]

Area                                    Addr        Size        Decimal Bytes (Attributes)
--------------------------------        ----        ----        ------- ----- ------------
CODE                                000080A0    0000187C =        6268. bytes (REL,CON)

      Value  Global                              Global Defined In Module
      -----  --------------------------------   ------------------------
     000080D6  _PCF_Write                         RTC_pcf8563
     0000826B  _PCF_Read                          RTC_pcf8563
     000084E9  _PCF_Init                          RTC_pcf8563
     00008510  _PCF_setDateTime                   RTC_pcf8563
     000086AF  _PCF_getDateTime                   RTC_pcf8563
     000087BF  _PCF_setAlarm                      RTC_pcf8563
     0000889E  _PCF_setTimer                      RTC_pcf8563
     000088C1  _PCF_getTimer                      RTC_pcf8563
     000088D3  _PCF_getAlarm                      RTC_pcf8563
     0000896B  _PCF_getAndClearFlags              RTC_pcf8563
     00008991  _PCF_setClockOut                   RTC_pcf8563
     000089A6  _clock_setup                       main
     00008A41  _delay                             main
     00008A4D  _TIM4_UPD_OVF_IRQHandler           main
     00008A5B  _IWDG_Config                       main
     00008A73  _main                              main
     00008BCF  _max7Seg                           max7219
     00008C08  _Max7219_Write_Byte                max7219
     00008C5F  _setCommand                        max7219
     00008CA3  _Init                              max7219
     00008CF4  _setIntensity                      max7219
     00008CFE  _send7Seg                          max7219
     00008D42  _TIMER_Init                        timerTick
     00008D75  _TIMER_Inc                         timerTick
     00008DA1  _TIMER_InitTime                    timerTick
     00008DB1  _TIMER_CheckTimeUS                 timerTick
     00008DF8  _TIMER_CheckTimeMS                 timerTick
     00008E6E  _CLK_DeInit                        stm8s_clk
     00008EA6  _CLK_FastHaltWakeUpCmd             stm8s_clk
     00008EBA  _CLK_HSECmd                        stm8s_clk
     00008EC8  _CLK_HSICmd                        stm8s_clk
     00008ED6  _CLK_LSICmd                        stm8s_clk
     00008EEA  _CLK_CCOCmd                        stm8s_clk
     00008EF8  _CLK_ClockSwitchCmd                stm8s_clk
     00008F0C  _CLK_SlowActiveHaltWakeUpCmd       stm8s_clk
     00008F20  _CLK_PeripheralClockConfig         stm8s_clk
     00008F76  _CLK_ClockSwitchConfig             stm8s_clk
     0000903B  _CLK_HSIPrescalerConfig            stm8s_clk
     0000904D  _CLK_CCOConfig                     stm8s_clk
     00009063  _CLK_ITConfig                      stm8s_clk
     000090B2  _CLK_SYSCLKConfig                  stm8s_clk
     000090E9  _CLK_SWIMConfig                    stm8s_clk
     000090F7  _CLK_ClockSecuritySystemEnable     stm8s_clk
     000090FC  _CLK_GetSYSCLKSource               stm8s_clk
     00009101  _CLK_GetClockFreq                  stm8s_clk
     0000915A  _CLK_AdjustHSICalibrationValue     stm8s_clk
     00009167  _CLK_SYSCLKEmergencyClear          stm8s_clk
     0000916C  _CLK_GetFlagStatus                 stm8s_clk
     000091B4  _CLK_GetITStatus                   stm8s_clk
     000091D8  _CLK_ClearITPendingBit             stm8s_clk
ASxxxx Linker V03.00 + NoICE + sdld,  page 7.
Hexadecimal  [32-Bits]

Area                                    Addr        Size        Decimal Bytes (Attributes)
--------------------------------        ----        ----        ------- ----- ------------
CODE                                000080A0    0000187C =        6268. bytes (REL,CON)

      Value  Global                              Global Defined In Module
      -----  --------------------------------   ------------------------
     000091EE  _HSIDivFactor                      stm8s_clk
     000091F2  _CLKPrescTable                     stm8s_clk
     000091FA  _GPIO_Init                         stm8s_gpio
     00009288  _GPIO_Write                        stm8s_gpio
     0000928E  _GPIO_WriteHigh                    stm8s_gpio
     00009295  _GPIO_WriteLow                     stm8s_gpio
     000092A3  _GPIO_WriteReverse                 stm8s_gpio
     000092AA  _GPIO_ReadOutputData               stm8s_gpio
     000092AE  _GPIO_ReadInputData                stm8s_gpio
     000092B3  _GPIO_ReadInputPin                 stm8s_gpio
     000092BA  _GPIO_ExternalPullUpConfig         stm8s_gpio
     000092D5  _I2C_DeInit                        stm8s_i2c
     000092FA  _I2C_Init                          stm8s_i2c
     00009428  _I2C_Cmd                           stm8s_i2c
     00009436  _I2C_GeneralCallCmd                stm8s_i2c
     0000944A  _I2C_GenerateSTART                 stm8s_i2c
     00009458  _I2C_GenerateSTOP                  stm8s_i2c
     0000946C  _I2C_SoftwareResetCmd              stm8s_i2c
     0000947A  _I2C_StretchClockCmd               stm8s_i2c
     00009488  _I2C_AcknowledgeConfig             stm8s_i2c
     000094B1  _I2C_ITConfig                      stm8s_i2c
     000094D3  _I2C_FastModeDutyCycleConfig       stm8s_i2c
     000094E9  _I2C_ReceiveData                   stm8s_i2c
     000094EE  _I2C_Send7bitAddress               stm8s_i2c
     000094FD  _I2C_SendData                      stm8s_i2c
     00009504  _I2C_CheckEvent                    stm8s_i2c
     0000954F  _I2C_GetLastEvent                  stm8s_i2c
     0000957F  _I2C_GetFlagStatus                 stm8s_i2c
     000095B6  _I2C_ClearFlag                     stm8s_i2c
     000095C2  _I2C_GetITStatus                   stm8s_i2c
     00009611  _I2C_ClearITPendingBit             stm8s_i2c
     0000961D  _IWDG_WriteAccessCmd               stm8s_iwdg
     00009624  _IWDG_SetPrescaler                 stm8s_iwdg
     0000962B  _IWDG_SetReload                    stm8s_iwdg
     00009632  _IWDG_ReloadCounter                stm8s_iwdg
     00009637  _IWDG_Enable                       stm8s_iwdg
     0000963C  _SPI_DeInit                        stm8s_spi
     00009651  _SPI_Init                          stm8s_spi
     0000968C  _SPI_Cmd                           stm8s_spi
     000096A0  _SPI_ITConfig                      stm8s_spi
     000096D6  _SPI_SendData                      stm8s_spi
     000096DD  _SPI_ReceiveData                   stm8s_spi
     000096E2  _SPI_NSSInternalSoftwareCmd        stm8s_spi
     000096F0  _SPI_TransmitCRC                   stm8s_spi
     000096F8  _SPI_CalculateCRCCmd               stm8s_spi
     0000970C  _SPI_GetCRC                        stm8s_spi
     0000971A  _SPI_ResetCRC                      stm8s_spi
     00009727  _SPI_GetCRCPolynomial              stm8s_spi
     0000972C  _SPI_BiDirectionalLineConfig       stm8s_spi
     00009740  _SPI_GetFlagStatus                 stm8s_spi
     0000974E  _SPI_ClearFlag                     stm8s_spi
ASxxxx Linker V03.00 + NoICE + sdld,  page 8.
Hexadecimal  [32-Bits]

Area                                    Addr        Size        Decimal Bytes (Attributes)
--------------------------------        ----        ----        ------- ----- ------------
CODE                                000080A0    0000187C =        6268. bytes (REL,CON)

      Value  Global                              Global Defined In Module
      -----  --------------------------------   ------------------------
     00009756  _SPI_GetITStatus                   stm8s_spi
     0000979D  _SPI_ClearITPendingBit             stm8s_spi
     000097B8  _TIM4_DeInit                       stm8s_tim4
     000097D1  _TIM4_TimeBaseInit                 stm8s_tim4
     000097DE  _TIM4_Cmd                          stm8s_tim4
     000097E3  _TIM4_ITConfig                     stm8s_tim4
     000097EE  _TIM4_GetCounter                   stm8s_tim4
     000097F3  _TIM4_GetFlagStatus                stm8s_tim4
     00009801  _TIM4_ClearFlag                    stm8s_tim4
     00009809  _TIM4_ClearITPendingBit            stm8s_tim4
     00009811  __divulong                         
     0000986B  _memset                            _memset
     0000988C  __mullong                          
     00009908  __divsint                          

ASxxxx Linker V03.00 + NoICE + sdld,  page 9.
Hexadecimal  [32-Bits]

Area                                    Addr        Size        Decimal Bytes (Attributes)
--------------------------------        ----        ----        ------- ----- ------------
SSEG                                0000991C    00000001 =           1. bytes (REL,CON)

      Value  Global                              Global Defined In Module
      -----  --------------------------------   ------------------------
ASxxxx Linker V03.00 + NoICE + sdld,  page 10.

Files Linked                              [ module(s) ]

build/user/RTC_pcf8563.rel                [ RTC_pcf8563 ]
build/user/main.rel                       [ main ]
build/user/max7219.rel                    [ max7219 ]
build/user/timerTick.rel                  [ timerTick ]
build/lib/stm8s_clk.rel                   [ stm8s_clk ]
build/lib/stm8s_gpio.rel                  [ stm8s_gpio ]
build/lib/stm8s_i2c.rel                   [ stm8s_i2c ]
build/lib/stm8s_iwdg.rel                  [ stm8s_iwdg ]
build/lib/stm8s_spi.rel                   [ stm8s_spi ]
build/lib/stm8s_tim4.rel                  [ stm8s_tim4 ]


Libraries Linked                          [ object file ]

c:\Program Files\SDCC\bin\..\lib\stm8/stm8.lib
                                          [ _divulong.rel ]
c:\Program Files\SDCC\bin\..\lib\stm8/stm8.lib
                                          [ _memset.rel ]
c:\Program Files\SDCC\bin\..\lib\stm8/stm8.lib
                                          [ _mullong.rel ]
c:\Program Files\SDCC\bin\..\lib\stm8/stm8.lib
                                          [ _divsint.rel ]

ASxxxx Linker V03.00 + NoICE + sdld,  page 11.

User Base Address Definitions

HOME = 0x8000
DATA = 0x0001

