ASxxxx Linker V03.00 + NoICE + sdld,  page 1.
Hexadecimal  [32-Bits]

Area                                    Addr        Size        Decimal Bytes (Attributes)
--------------------------------        ----        ----        ------- ----- ------------
.  .ABS.                            00000000    00000000 =           0. bytes (ABS,CON)

      Value  Global                              Global Defined In Module
      -----  --------------------------------   ------------------------
     00000000  .__.ABS.                           
     00000000  l_CABS                          
     00000000  l_DABS                          
     00000000  l_INITIALIZED                   
     00000000  l_INITIALIZER                   
     00000000  l__CODE                         
     00000000  s_CABS                          
     00000000  s_DABS                          
     00000000  s__CODE                         
     00000001  l_SSEG                          
     00000001  s_DATA                          
     00000003  l_GSFINAL                       
     0000001A  l_GSINIT                        
     0000001D  l_DATA                          
     0000001E  s_INITIALIZED                   
     00000083  l_HOME                          
     00001766  l_CODE                          
     00008000  s_HOME                          
     00008083  s_GSINIT                        
     0000809D  s_GSFINAL                       
     000080A0  s_CODE                          
     00009806  s_INITIALIZER                   
     00009806  s_SSEG                          

ASxxxx Linker V03.00 + NoICE + sdld,  page 2.
Hexadecimal  [32-Bits]

Area                                    Addr        Size        Decimal Bytes (Attributes)
--------------------------------        ----        ----        ------- ----- ------------
DATA                                00000001    0000001D =          29. bytes (REL,CON)

      Value  Global                              Global Defined In Module
      -----  --------------------------------   ------------------------
     00000001  _tick                              main
     00000007  _max7seg                           max7219
     00000015  _timeGet                           timerTick
     00000017  _timeBack                          timerTick
     00000019  _timeTickMs                        timerTick
     0000001D  _timeTickUs                        timerTick
ASxxxx Linker V03.00 + NoICE + sdld,  page 3.
Hexadecimal  [32-Bits]

Area                                    Addr        Size        Decimal Bytes (Attributes)
--------------------------------        ----        ----        ------- ----- ------------
HOME                                00008000    00000083 =         131. bytes (REL,CON)

      Value  Global                              Global Defined In Module
      -----  --------------------------------   ------------------------
ASxxxx Linker V03.00 + NoICE + sdld,  page 4.
Hexadecimal  [32-Bits]

Area                                    Addr        Size        Decimal Bytes (Attributes)
--------------------------------        ----        ----        ------- ----- ------------
GSINIT                              00008083    0000001A =          26. bytes (REL,CON)

      Value  Global                              Global Defined In Module
      -----  --------------------------------   ------------------------
ASxxxx Linker V03.00 + NoICE + sdld,  page 5.
Hexadecimal  [32-Bits]

Area                                    Addr        Size        Decimal Bytes (Attributes)
--------------------------------        ----        ----        ------- ----- ------------
GSFINAL                             0000809D    00000003 =           3. bytes (REL,CON)

      Value  Global                              Global Defined In Module
      -----  --------------------------------   ------------------------
ASxxxx Linker V03.00 + NoICE + sdld,  page 6.
Hexadecimal  [32-Bits]

Area                                    Addr        Size        Decimal Bytes (Attributes)
--------------------------------        ----        ----        ------- ----- ------------
CODE                                000080A0    00001766 =        5990. bytes (REL,CON)

      Value  Global                              Global Defined In Module
      -----  --------------------------------   ------------------------
     000080DB  _PCF_Write                         RTC_pcf8563
     00008110  _PCF_Read                          RTC_pcf8563
     000081B9  _PCF_Init                          RTC_pcf8563
     000081DA  _PCF_setDateTime                   RTC_pcf8563
     00008379  _PCF_getDateTime                   RTC_pcf8563
     00008488  _PCF_setAlarm                      RTC_pcf8563
     00008567  _PCF_setTimer                      RTC_pcf8563
     0000858A  _PCF_getTimer                      RTC_pcf8563
     0000859C  _PCF_getAlarm                      RTC_pcf8563
     00008634  _PCF_getAndClearFlags              RTC_pcf8563
     0000865A  _PCF_setClockOut                   RTC_pcf8563
     0000866F  _DS1307_Init                       ds1307
     000086B0  _DS1307_write_time                 ds1307
     000087ED  _DS1307_SetTime                    ds1307
     0000893C  _DS1307_GetDateTime                ds1307
     00008A20  _DS1307_GetSeconds                 ds1307
     00008A30  _DS1307_GetMinutes                 ds1307
     00008A40  _DS1307_GetHours                   ds1307
     00008A5D  _DS1307_GetDay                     ds1307
     00008A6D  _DS1307_GetDate                    ds1307
     00008A7D  _DS1307_GetMonth                   ds1307
     00008A8D  _DS1307_GetYear                    ds1307
     00008A9B  _read_ds1307                       ds1307
     00008B39  _BCD2BIN                           ds1307
     00008B51  _BIN2BCD                           ds1307
     00008B8A  _delay                             main
     00008B96  _TIM4_UPD_OVF_IRQHandler           main
     00008BA4  _IWDG_Config                       main
     00008BBC  _main                              main
     00008D0A  _max7Seg                           max7219
     00008D43  _Max7219_Write_Byte                max7219
     00008D9A  _setCommand                        max7219
     00008DDE  _Init                              max7219
     00008E2F  _setIntensity                      max7219
     00008E39  _send7Seg                          max7219
     00008E7D  _TIMER_Init                        timerTick
     00008EB0  _TIMER_Inc                         timerTick
     00008EDC  _TIMER_InitTime                    timerTick
     00008EEC  _TIMER_CheckTimeUS                 timerTick
     00008F33  _TIMER_CheckTimeMS                 timerTick
     00008FA9  _CLK_Config                        stm8s_clk
     00008FFA  _CLK_PeripheralClockConfig         stm8s_clk
     00009050  _CLK_SYSCLKConfig                  stm8s_clk
     00009087  _CLK_GetClockFreq                  stm8s_clk
     000090E0  _HSIDivFactor                      stm8s_clk
     000090E4  _GPIO_Init                         stm8s_gpio
     00009172  _GPIO_Write                        stm8s_gpio
     00009178  _GPIO_WriteHigh                    stm8s_gpio
     0000917F  _GPIO_WriteLow                     stm8s_gpio
     0000918D  _GPIO_WriteReverse                 stm8s_gpio
ASxxxx Linker V03.00 + NoICE + sdld,  page 7.
Hexadecimal  [32-Bits]

Area                                    Addr        Size        Decimal Bytes (Attributes)
--------------------------------        ----        ----        ------- ----- ------------
CODE                                000080A0    00001766 =        5990. bytes (REL,CON)

      Value  Global                              Global Defined In Module
      -----  --------------------------------   ------------------------
     00009194  _GPIO_ReadOutputData               stm8s_gpio
     00009198  _GPIO_ReadInputData                stm8s_gpio
     0000919D  _GPIO_ReadInputPin                 stm8s_gpio
     000091A4  _GPIO_ExternalPullUpConfig         stm8s_gpio
     000091BF  _I2C_DeInit                        stm8s_i2c
     000091E4  _I2C_Init                          stm8s_i2c
     00009312  _I2C_Cmd                           stm8s_i2c
     00009320  _I2C_GeneralCallCmd                stm8s_i2c
     00009334  _I2C_GenerateSTART                 stm8s_i2c
     00009342  _I2C_GenerateSTOP                  stm8s_i2c
     00009356  _I2C_SoftwareResetCmd              stm8s_i2c
     00009364  _I2C_StretchClockCmd               stm8s_i2c
     00009372  _I2C_AcknowledgeConfig             stm8s_i2c
     0000939B  _I2C_ITConfig                      stm8s_i2c
     000093BD  _I2C_FastModeDutyCycleConfig       stm8s_i2c
     000093D3  _I2C_ReceiveData                   stm8s_i2c
     000093D8  _I2C_Send7bitAddress               stm8s_i2c
     000093E7  _I2C_SendData                      stm8s_i2c
     000093EE  _I2C_CheckEvent                    stm8s_i2c
     00009439  _I2C_GetLastEvent                  stm8s_i2c
     00009469  _I2C_GetFlagStatus                 stm8s_i2c
     000094A0  _I2C_ClearFlag                     stm8s_i2c
     000094AC  _I2C_GetITStatus                   stm8s_i2c
     000094FB  _I2C_ClearITPendingBit             stm8s_i2c
     00009507  _IWDG_WriteAccessCmd               stm8s_iwdg
     0000950E  _IWDG_SetPrescaler                 stm8s_iwdg
     00009515  _IWDG_SetReload                    stm8s_iwdg
     0000951C  _IWDG_ReloadCounter                stm8s_iwdg
     00009521  _IWDG_Enable                       stm8s_iwdg
     00009526  _SPI_DeInit                        stm8s_spi
     0000953B  _SPI_Init                          stm8s_spi
     00009576  _SPI_Cmd                           stm8s_spi
     0000958A  _SPI_ITConfig                      stm8s_spi
     000095C0  _SPI_SendData                      stm8s_spi
     000095C7  _SPI_ReceiveData                   stm8s_spi
     000095CC  _SPI_NSSInternalSoftwareCmd        stm8s_spi
     000095DA  _SPI_TransmitCRC                   stm8s_spi
     000095E2  _SPI_CalculateCRCCmd               stm8s_spi
     000095F6  _SPI_GetCRC                        stm8s_spi
     00009604  _SPI_ResetCRC                      stm8s_spi
     00009611  _SPI_GetCRCPolynomial              stm8s_spi
     00009616  _SPI_BiDirectionalLineConfig       stm8s_spi
     0000962A  _SPI_GetFlagStatus                 stm8s_spi
     00009638  _SPI_ClearFlag                     stm8s_spi
     00009640  _SPI_GetITStatus                   stm8s_spi
     00009687  _SPI_ClearITPendingBit             stm8s_spi
     000096A2  _TIM4_DeInit                       stm8s_tim4
     000096BB  _TIM4_TimeBaseInit                 stm8s_tim4
     000096C8  _TIM4_Cmd                          stm8s_tim4
     000096CD  _TIM4_ITConfig                     stm8s_tim4
     000096D8  _TIM4_GetCounter                   stm8s_tim4
ASxxxx Linker V03.00 + NoICE + sdld,  page 8.
Hexadecimal  [32-Bits]

Area                                    Addr        Size        Decimal Bytes (Attributes)
--------------------------------        ----        ----        ------- ----- ------------
CODE                                000080A0    00001766 =        5990. bytes (REL,CON)

      Value  Global                              Global Defined In Module
      -----  --------------------------------   ------------------------
     000096DD  _TIM4_GetFlagStatus                stm8s_tim4
     000096EB  _TIM4_ClearFlag                    stm8s_tim4
     000096F3  _TIM4_ClearITPendingBit            stm8s_tim4
     000096FB  __divulong                         
     00009755  _memset                            _memset
     00009776  __mullong                          
     000097F2  __divsint                          
ASxxxx Linker V03.00 + NoICE + sdld,  page 9.
Hexadecimal  [32-Bits]

Area                                    Addr        Size        Decimal Bytes (Attributes)
--------------------------------        ----        ----        ------- ----- ------------
SSEG                                00009806    00000001 =           1. bytes (REL,CON)

      Value  Global                              Global Defined In Module
      -----  --------------------------------   ------------------------
ASxxxx Linker V03.00 + NoICE + sdld,  page 10.

Files Linked                              [ module(s) ]

build/user/RTC_pcf8563.rel                [ RTC_pcf8563 ]
build/user/ds1307.rel                     [ ds1307 ]
build/user/main.rel                       [ main ]
build/user/max7219.rel                    [ max7219 ]
build/user/timerTick.rel                  [ timerTick ]
build/lib/stm8s_clk.rel                   [ stm8s_clk ]
build/lib/stm8s_gpio.rel                  [ stm8s_gpio ]
build/lib/stm8s_i2c.rel                   [ stm8s_i2c ]
build/lib/stm8s_iwdg.rel                  [ stm8s_iwdg ]
build/lib/stm8s_spi.rel                   [ stm8s_spi ]
build/lib/stm8s_tim4.rel                  [ stm8s_tim4 ]


Libraries Linked                          [ object file ]

c:\Program Files\SDCC\bin\..\lib\stm8/stm8.lib
                                          [ _divulong.rel ]
c:\Program Files\SDCC\bin\..\lib\stm8/stm8.lib
                                          [ _memset.rel ]
c:\Program Files\SDCC\bin\..\lib\stm8/stm8.lib
                                          [ _mullong.rel ]
c:\Program Files\SDCC\bin\..\lib\stm8/stm8.lib
                                          [ _divsint.rel ]

ASxxxx Linker V03.00 + NoICE + sdld,  page 11.

User Base Address Definitions

HOME = 0x8000
DATA = 0x0001

